Runnning on host c1
Starting at Tue Sep 20 03:51:06 JST 2022
Running on hosts: c[1-11,13-16]
Running on 15 nodes.
Running 15 tasks.
Current working directory is /home/y-terans/workspace/nest-gpu/ngpu_multi_area_model_simulation/multi-area-model-ngpu
c1
c2
c7
c8
c10
c13
c4
c14
c16
c11
c3
c15
c9
c6
c5
              total        used        free      shared  buff/cache   available
Mem:           125G        1.7G        123G        108M        163M        123G
Swap:           15G        4.0M         15G
              total        used        free      shared  buff/cache   available
Mem:           125G        1.7G        123G        292M        351M        122G
Swap:           15G        6.2M         15G
              total        used        free      shared  buff/cache   available
Mem:           125G        1.7G        123G        108M        164M        123G
Swap:           15G        3.8M         15G
              total        used        free      shared  buff/cache   available
Mem:           125G        1.7G        123G        283M        338M        122G
Swap:           15G        4.0M         15G
              total        used        free      shared  buff/cache   available
Mem:           125G        1.7G        123G        283M        343M        122G
Swap:           15G        5.2M         15G
              total        used        free      shared  buff/cache   available
Mem:           125G        1.7G        123G        283M        339M        122G
Swap:           15G        4.0M         15G
              total        used        free      shared  buff/cache   available
Mem:            62G        1.1G         61G        3.0M         61M         61G
Swap:           15G        294M         15G
              total        used        free      shared  buff/cache   available
Mem:           125G        1.7G        123G        284M        343M        122G
Swap:           15G        5.2M         15G
              total        used        free      shared  buff/cache   available
Mem:           125G        1.7G        123G        260M        317M        122G
Swap:           15G        4.8M         15G
              total        used        free      shared  buff/cache   available
Mem:           125G        1.7G        123G        259M        320M        122G
Swap:           15G        5.0M         15G
              total        used        free      shared  buff/cache   available
Mem:           125G        1.7G        123G        283M        343M        122G
Swap:           15G        3.8M         15G
              total        used        free      shared  buff/cache   available
Mem:           125G        1.7G        123G        108M        162M        123G
Swap:           15G        3.5M         15G
              total        used        free      shared  buff/cache   available
Mem:           125G        1.7G        123G        284M        341M        122G
Swap:           15G        6.2M         15G
              total        used        free      shared  buff/cache   available
Mem:           125G        1.7G        123G        283M        343M        122G
Swap:           15G        4.2M         15G
              total        used        free      shared  buff/cache   available
Mem:           125G        1.7G        123G        291M        352M        122G
Swap:           15G        4.0M         15G
ending
Time is Tue Sep 20 03:51:06 JST 2022
